[wandb] project=hormuz-pipeline group=20260420_191942 mode=offline
[wandb] dir=/home/dagolden/agenticAIForScenarioAnalysis/slurm/logs/20260420_191942 per_task=1
[wandb] runs will be written to /home/dagolden/agenticAIForScenarioAnalysis/slurm/logs/20260420_191942; sync later with:
[wandb]   wandb sync /home/dagolden/agenticAIForScenarioAnalysis/slurm/logs/20260420_191942/wandb/offline-run-*
================================================================
  Hormuz Pipeline — Stony Brook AI Cluster (single-node driver)
================================================================
  Job ID:        21419
  Run ID:        20260420_191942
  Node:          ai02
  Partition:     defq
  Nodelist:      tesla1
  CPUs:          16
  GPUs (gres):   2
  Memory:        131072 MB
  Walltime cap:  from-script
  Project root:  /home/dagolden/agenticAIForScenarioAnalysis
  Conda env:     hormuz
  Config:        /home/dagolden/agenticAIForScenarioAnalysis/slurm/config/pipeline_cluster.yaml
  Scratch:       <unset, using project root>
  Run log dir:   /home/dagolden/agenticAIForScenarioAnalysis/slurm/logs/20260420_191942
  Driver out:    /home/dagolden/agenticAIForScenarioAnalysis/slurm/logs/stonybrook_ai_cluster-21419.out
  Driver err:    /home/dagolden/agenticAIForScenarioAnalysis/slurm/logs/stonybrook_ai_cluster-21419.err
  W&B project:   hormuz-pipeline (mode=offline, group=20260420_191942)
  Started at:    2026-04-20T19:19:42Z
================================================================
